<?xml version="1.0" encoding="utf-8" ?>
<result>
	<row>
		<label>Polish (pl)</label>
		<nb_uniq_visitors>1</nb_uniq_visitors>
		<nb_visits>3</nb_visits>
		<nb_actions>3</nb_actions>
		<nb_users>0</nb_users>
		<max_actions>1</max_actions>
		<sum_visit_length>0</sum_visit_length>
		<bounce_count>3</bounce_count>
		<nb_visits_converted>0</nb_visits_converted>
	</row>
	<row>
		<label>English (en)</label>
		<nb_uniq_visitors>1</nb_uniq_visitors>
		<nb_visits>2</nb_visits>
		<nb_actions>2</nb_actions>
		<nb_users>0</nb_users>
		<max_actions>1</max_actions>
		<sum_visit_length>0</sum_visit_length>
		<bounce_count>2</bounce_count>
		<nb_visits_converted>0</nb_visits_converted>
	</row>
	<row>
		<label>French - Belgium (fr-be)</label>
		<nb_uniq_visitors>1</nb_uniq_visitors>
		<nb_visits>2</nb_visits>
		<nb_actions>2</nb_actions>
		<nb_users>0</nb_users>
		<max_actions>1</max_actions>
		<sum_visit_length>0</sum_visit_length>
		<bounce_count>2</bounce_count>
		<nb_visits_converted>0</nb_visits_converted>
	</row>
	<row>
		<label>Arabic - Qatar (ar-qa)</label>
		<nb_uniq_visitors>1</nb_uniq_visitors>
		<nb_visits>1</nb_visits>
		<nb_actions>1</nb_actions>
		<nb_users>0</nb_users>
		<max_actions>1</max_actions>
		<sum_visit_length>0</sum_visit_length>
		<bounce_count>1</bounce_count>
		<nb_visits_converted>0</nb_visits_converted>
	</row>
	<row>
		<label>Czech - Czech Republic (cs-cz)</label>
		<nb_uniq_visitors>1</nb_uniq_visitors>
		<nb_visits>1</nb_visits>
		<nb_actions>1</nb_actions>
		<nb_users>0</nb_users>
		<max_actions>1</max_actions>
		<sum_visit_length>0</sum_visit_length>
		<bounce_count>1</bounce_count>
		<nb_visits_converted>0</nb_visits_converted>
	</row>
	<row>
		<label>German (de)</label>
		<nb_uniq_visitors>1</nb_uniq_visitors>
		<nb_visits>1</nb_visits>
		<nb_actions>1</nb_actions>
		<nb_users>0</nb_users>
		<max_actions>1</max_actions>
		<sum_visit_length>0</sum_visit_length>
		<bounce_count>1</bounce_count>
		<nb_visits_converted>0</nb_visits_converted>
	</row>
	<row>
		<label>Greek - Greece (el-gr)</label>
		<nb_uniq_visitors>1</nb_uniq_visitors>
		<nb_visits>1</nb_visits>
		<nb_actions>1</nb_actions>
		<nb_users>0</nb_users>
		<max_actions>1</max_actions>
		<sum_visit_length>0</sum_visit_length>
		<bounce_count>1</bounce_count>
		<nb_visits_converted>0</nb_visits_converted>
	</row>
	<row>
		<label>Basque - Spain (eu-es)</label>
		<nb_uniq_visitors>1</nb_uniq_visitors>
		<nb_visits>1</nb_visits>
		<nb_actions>1</nb_actions>
		<nb_users>0</nb_users>
		<max_actions>1</max_actions>
		<sum_visit_length>0</sum_visit_length>
		<bounce_count>1</bounce_count>
		<nb_visits_converted>0</nb_visits_converted>
	</row>
	<row>
		<label>French (fr)</label>
		<nb_uniq_visitors>1</nb_uniq_visitors>
		<nb_visits>1</nb_visits>
		<nb_actions>1</nb_actions>
		<nb_users>0</nb_users>
		<max_actions>1</max_actions>
		<sum_visit_length>0</sum_visit_length>
		<bounce_count>1</bounce_count>
		<nb_visits_converted>0</nb_visits_converted>
	</row>
	<row>
		<label>French - Switzerland (fr-ch)</label>
		<nb_uniq_visitors>1</nb_uniq_visitors>
		<nb_visits>1</nb_visits>
		<nb_actions>1</nb_actions>
		<nb_users>0</nb_users>
		<max_actions>1</max_actions>
		<sum_visit_length>0</sum_visit_length>
		<bounce_count>1</bounce_count>
		<nb_visits_converted>0</nb_visits_converted>
	</row>
	<row>
		<label>Serbian - Serbia Montenegro (sr-cs)</label>
		<nb_uniq_visitors>1</nb_uniq_visitors>
		<nb_visits>1</nb_visits>
		<nb_actions>1</nb_actions>
		<nb_users>0</nb_users>
		<max_actions>1</max_actions>
		<sum_visit_length>0</sum_visit_length>
		<bounce_count>1</bounce_count>
		<nb_visits_converted>0</nb_visits_converted>
	</row>
	<row>
		<label>Thai (th)</label>
		<nb_uniq_visitors>1</nb_uniq_visitors>
		<nb_visits>1</nb_visits>
		<nb_actions>1</nb_actions>
		<nb_users>0</nb_users>
		<max_actions>1</max_actions>
		<sum_visit_length>0</sum_visit_length>
		<bounce_count>1</bounce_count>
		<nb_visits_converted>0</nb_visits_converted>
	</row>
	<row>
		<label>Unknown (xx)</label>
		<nb_uniq_visitors>1</nb_uniq_visitors>
		<nb_visits>1</nb_visits>
		<nb_actions>1</nb_actions>
		<nb_users>0</nb_users>
		<max_actions>1</max_actions>
		<sum_visit_length>0</sum_visit_length>
		<bounce_count>1</bounce_count>
		<nb_visits_converted>0</nb_visits_converted>
	</row>
	<row>
		<label>Chinese - Singapore (zh-sg)</label>
		<nb_uniq_visitors>1</nb_uniq_visitors>
		<nb_visits>1</nb_visits>
		<nb_actions>1</nb_actions>
		<nb_users>0</nb_users>
		<max_actions>1</max_actions>
		<sum_visit_length>0</sum_visit_length>
		<bounce_count>1</bounce_count>
		<nb_visits_converted>0</nb_visits_converted>
	</row>
</result>