<?xml version="1.0" encoding="utf-8" ?>
<result>
	<nb_conversions>5</nb_conversions>
	<nb_visits_converted>4</nb_visits_converted>
	<conversion_rate>80</conversion_rate>
	<revenue>13361.11</revenue>
</result>