<?xml version="1.0" encoding="utf-8" ?>
<result>
	<nb_uniq_visitors>1</nb_uniq_visitors>
	<nb_users>0</nb_users>
	<nb_visits>1</nb_visits>
	<nb_actions>1</nb_actions>
	<nb_visits_converted>1</nb_visits_converted>
	<bounce_count>1</bounce_count>
	<sum_visit_length>1086</sum_visit_length>
	<max_actions>1</max_actions>
	<nb_actions_per_visit>1</nb_actions_per_visit>
	<avg_time_on_site>1086</avg_time_on_site>
	<nb_uniq_visitors_returning>0</nb_uniq_visitors_returning>
	<nb_users_returning>0</nb_users_returning>
	<nb_visits_returning>0</nb_visits_returning>
	<nb_actions_returning>0</nb_actions_returning>
	<nb_visits_converted_returning>0</nb_visits_converted_returning>
	<bounce_count_returning>0</bounce_count_returning>
	<sum_visit_length_returning>0</sum_visit_length_returning>
	<max_actions_returning>0</max_actions_returning>
	<nb_actions_per_visit_returning>0</nb_actions_per_visit_returning>
	<avg_time_on_site_returning>0</avg_time_on_site_returning>
	<bounce_rate_returning>0%</bounce_rate_returning>
	<nb_conversions>1</nb_conversions>
	<conversion_rate>100</conversion_rate>
	<revenue>42.26</revenue>
	<nb_pageviews>1</nb_pageviews>
	<nb_uniq_pageviews>1</nb_uniq_pageviews>
	<nb_downloads>0</nb_downloads>
	<nb_uniq_downloads>0</nb_uniq_downloads>
	<nb_outlinks>0</nb_outlinks>
	<nb_uniq_outlinks>0</nb_uniq_outlinks>
	<nb_searches>0</nb_searches>
	<nb_keywords>0</nb_keywords>
	<avg_time_generation>0</avg_time_generation>
	<bounce_rate>100%</bounce_rate>
</result>