<?xml version="1.0" encoding="utf-8" ?>
<result>
	<nb_uniq_visitors>27</nb_uniq_visitors>
	<nb_users>0</nb_users>
	<nb_visits>27</nb_visits>
	<nb_actions>30</nb_actions>
	<nb_visits_converted>25</nb_visits_converted>
	<bounce_count>25</bounce_count>
	<sum_visit_length>305</sum_visit_length>
	<max_actions>3</max_actions>
	<nb_actions_per_visit>1.1</nb_actions_per_visit>
	<avg_time_on_site>11</avg_time_on_site>
	<bounce_rate>93%</bounce_rate>
</result>