<?xml version="1.0" encoding="utf-8" ?>
<results>
	<result idSite="1">
		<result date="2010">
			<nb_visits_returning>8</nb_visits_returning>
			<nb_actions_returning>40</nb_actions_returning>
			<nb_visits_converted_returning>0</nb_visits_converted_returning>
			<bounce_count_returning>0</bounce_count_returning>
			<sum_visit_length_returning>7208</sum_visit_length_returning>
			<max_actions_returning>5</max_actions_returning>
			<nb_actions_per_visit_returning>5</nb_actions_per_visit_returning>
			<avg_time_on_site_returning>901</avg_time_on_site_returning>
			<bounce_rate_returning>0%</bounce_rate_returning>
		</result>
		<result date="2011" />
		<result date="2012" />
		<result date="2013" />
		<result date="2014" />
		<result date="2015" />
		<result date="2016" />
	</result>
	<result idSite="2">
		<result date="2010" />
		<result date="2011" />
		<result date="2012" />
		<result date="2013" />
		<result date="2014" />
		<result date="2015" />
		<result date="2016" />
	</result>
</results>