<?xml version="1.0" encoding="utf-8" ?>
<results>
	<result date="2010">
		<nb_visits>10</nb_visits>
		<nb_actions>43</nb_actions>
		<nb_visits_converted>0</nb_visits_converted>
		<bounce_count>1</bounce_count>
		<sum_visit_length>7569</sum_visit_length>
		<max_actions>5</max_actions>
		<nb_actions_per_visit>4.3</nb_actions_per_visit>
		<avg_time_on_site>757</avg_time_on_site>
		<bounce_rate>10%</bounce_rate>
	</result>
	<result date="2011" />
	<result date="2012" />
	<result date="2013" />
	<result date="2014" />
	<result date="2015" />
	<result date="2016" />
</results>